<?xml version="1.0" encoding="UTF-8"?>
<TestRun id="b2157be9-2f89-4dc2-ae8a-f4f2754ed2ef" name="chris@CHRISTHINKPAD 2009-11-25 14:16:18" runUser="christhinkpad\chris" xmlns="http://microsoft.com/schemas/VisualStudio/TeamTest/2006">
  <TestRunConfiguration name="Local Test Run" id="aaa8ccf6-5eb7-4c53-b29d-84bc77d3315a">
    <Description>This is a default test run configuration for a local test run.</Description>
    <Deployment runDeploymentRoot="C:\Users\chris\Work\Patterson\MyPhotos\TestResults\chris_CHRISTHINKPAD 2009-11-25 14_16_18">
      <DeploymentItem filename="C:\Users\chris\Work\Patterson\MyPhotos\bin\nhib\NHibernate.dll" />
      <DeploymentItem filename="C:\Users\chris\Work\Patterson\MyPhotos\MyPhotos.Core\bin\Debug\MyPhotos.Core.dll" />
      <DeploymentItem filename="C:\Users\chris\Work\Patterson\MyPhotos\bin\nhib\Castle.Core.dll" />
      <DeploymentItem filename="C:\Users\chris\Work\Patterson\MyPhotos\bin\nhib\NHibernate.ByteCode.Castle.dll" />
      <DeploymentItem filename="C:\Users\chris\Work\Patterson\MyPhotos\bin\nhib\NHibernate.Linq.dll" />
      <DeploymentItem filename="C:\Users\chris\Work\Patterson\MyPhotos\bin\nhib\FluentNHibernate.dll" />
      <DeploymentItem filename="C:\Users\chris\Work\Patterson\MyPhotos\bin\moq\Moq.dll" />
      <DeploymentItem filename="C:\Users\chris\Work\Patterson\MyPhotos\bin\nhib\Castle.DynamicProxy2.dll" />
    </Deployment>
    <TestTypeSpecific />
  </TestRunConfiguration>
  <ResultSummary outcome="Completed">
    <Counters total="3" executed="3" passed="3" error="0" failed="0" timeout="0" aborted="0" inconclusive="0" passedButRunAborted="0" notRunnable="0" notExecuted="0" disconnected="0" warning="0" completed="0" inProgress="0" pending="0" />
  </ResultSummary>
  <Times creation="2009-11-25T14:16:18.8906706-05:00" queuing="2009-11-25T14:16:19.9567316-05:00" start="2009-11-25T14:16:20.3297529-05:00" finish="2009-11-25T14:16:21.5178209-05:00" />
  <TestDefinitions>
    <UnitTest name="GetById_with_valid_id_returns_not_null" storage="c:\users\chris\work\patterson\myphotos\myphotos.tests\bin\debug\myphotos.tests.dll" id="55ce3137-ba05-325e-5149-a27092d6ad55">
      <Css projectStructure="" iteration="" />
      <Owners>
        <Owner name="" />
      </Owners>
      <Execution id="cee6e26f-2a0b-4ec2-99ae-cc5e7d0dfc58" />
      <TestMethod codeBase="C:\Users\chris\Work\Patterson\MyPhotos\MyPhotos.Tests\bin\Debug\MyPhotos.Tests.dll" adapterTypeName="Microsoft.VisualStudio.TestTools.TestTypes.Unit.UnitTestAdapter, Microsoft.VisualStudio.QualityTools.Tips.UnitTest.Adapter, Version=9.0.0.0, Culture=neutral, PublicKeyToken=b03f5f7f11d50a3a" className="MyPhotos.Tests.ServiceTests.AlbumServiceTests, MyPhotos.Tests" name="GetById_with_valid_id_returns_not_null" />
    </UnitTest>
    <UnitTest name="GetById_with_exception_thrown_by_repo_returns_null" storage="c:\users\chris\work\patterson\myphotos\myphotos.tests\bin\debug\myphotos.tests.dll" id="3cb05db2-4079-ef9b-0854-b270ff532756">
      <Css projectStructure="" iteration="" />
      <Owners>
        <Owner name="" />
      </Owners>
      <Execution id="9c0353dd-e925-4a96-9b3d-5767f1491fef" />
      <TestMethod codeBase="C:\Users\chris\Work\Patterson\MyPhotos\MyPhotos.Tests\bin\Debug\MyPhotos.Tests.dll" adapterTypeName="Microsoft.VisualStudio.TestTools.TestTypes.Unit.UnitTestAdapter, Microsoft.VisualStudio.QualityTools.Tips.UnitTest.Adapter, Version=9.0.0.0, Culture=neutral, PublicKeyToken=b03f5f7f11d50a3a" className="MyPhotos.Tests.ServiceTests.AlbumServiceTests, MyPhotos.Tests" name="GetById_with_exception_thrown_by_repo_returns_null" />
    </UnitTest>
    <UnitTest name="GetById_with_invalid_id_returns_null" storage="c:\users\chris\work\patterson\myphotos\myphotos.tests\bin\debug\myphotos.tests.dll" id="b16ddb5a-46ee-6643-9a7a-a36685e465a8">
      <Css projectStructure="" iteration="" />
      <Owners>
        <Owner name="" />
      </Owners>
      <Execution id="9b9f8351-95fd-44fb-a068-c0cf4b1653e2" />
      <TestMethod codeBase="C:\Users\chris\Work\Patterson\MyPhotos\MyPhotos.Tests\bin\Debug\MyPhotos.Tests.dll" adapterTypeName="Microsoft.VisualStudio.TestTools.TestTypes.Unit.UnitTestAdapter, Microsoft.VisualStudio.QualityTools.Tips.UnitTest.Adapter, Version=9.0.0.0, Culture=neutral, PublicKeyToken=b03f5f7f11d50a3a" className="MyPhotos.Tests.ServiceTests.AlbumServiceTests, MyPhotos.Tests" name="GetById_with_invalid_id_returns_null" />
    </UnitTest>
  </TestDefinitions>
  <TestLists>
    <TestList name="Results Not in a List" id="8c84fa94-04c1-424b-9868-57a2d4851a1d" />
    <TestList name="All Loaded Results" id="19431567-8539-422a-85d7-44ee4e166bda" />
  </TestLists>
  <TestEntries>
    <TestEntry testId="55ce3137-ba05-325e-5149-a27092d6ad55" executionId="cee6e26f-2a0b-4ec2-99ae-cc5e7d0dfc58" testListId="8c84fa94-04c1-424b-9868-57a2d4851a1d" />
    <TestEntry testId="b16ddb5a-46ee-6643-9a7a-a36685e465a8" executionId="9b9f8351-95fd-44fb-a068-c0cf4b1653e2" testListId="8c84fa94-04c1-424b-9868-57a2d4851a1d" />
    <TestEntry testId="3cb05db2-4079-ef9b-0854-b270ff532756" executionId="9c0353dd-e925-4a96-9b3d-5767f1491fef" testListId="8c84fa94-04c1-424b-9868-57a2d4851a1d" />
  </TestEntries>
  <Results>
    <UnitTestResult executionId="cee6e26f-2a0b-4ec2-99ae-cc5e7d0dfc58" testId="55ce3137-ba05-325e-5149-a27092d6ad55" testName="GetById_with_valid_id_returns_not_null" computerName="CHRISTHINKPAD" duration="00:00:00.3442209" startTime="2009-11-25T14:16:20.4177580-05:00" endTime="2009-11-25T14:16:21.4568174-05:00" testType="13cdc9d9-ddb5-4fa4-a97d-d965ccfc6d4b" outcome="Passed" testListId="8c84fa94-04c1-424b-9868-57a2d4851a1d">
      <Output>
      </Output>
    </UnitTestResult>
    <UnitTestResult executionId="9b9f8351-95fd-44fb-a068-c0cf4b1653e2" testId="b16ddb5a-46ee-6643-9a7a-a36685e465a8" testName="GetById_with_invalid_id_returns_null" computerName="CHRISTHINKPAD" duration="00:00:00.0019098" startTime="2009-11-25T14:16:21.4588175-05:00" endTime="2009-11-25T14:16:21.4638178-05:00" testType="13cdc9d9-ddb5-4fa4-a97d-d965ccfc6d4b" outcome="Passed" testListId="8c84fa94-04c1-424b-9868-57a2d4851a1d">
      <Output>
      </Output>
    </UnitTestResult>
    <UnitTestResult executionId="9c0353dd-e925-4a96-9b3d-5767f1491fef" testId="3cb05db2-4079-ef9b-0854-b270ff532756" testName="GetById_with_exception_thrown_by_repo_returns_null" computerName="CHRISTHINKPAD" duration="00:00:00.0014699" startTime="2009-11-25T14:16:21.4648178-05:00" endTime="2009-11-25T14:16:21.4698181-05:00" testType="13cdc9d9-ddb5-4fa4-a97d-d965ccfc6d4b" outcome="Passed" testListId="8c84fa94-04c1-424b-9868-57a2d4851a1d">
      <Output>
        <DebugTrace>Repo exception
</DebugTrace>
      </Output>
    </UnitTestResult>
  </Results>
</TestRun>