<?xml version="1.0" encoding="UTF-8"?>
<TestRun id="dcb45be8-3a50-4120-ab04-1281d63ee3f1" name="chris@CHRISTHINKPAD 2009-11-25 14:49:19" runUser="christhinkpad\chris" xmlns="http://microsoft.com/schemas/VisualStudio/TeamTest/2006">
  <TestRunConfiguration name="Local Test Run" id="aaa8ccf6-5eb7-4c53-b29d-84bc77d3315a">
    <Description>This is a default test run configuration for a local test run.</Description>
    <Deployment runDeploymentRoot="C:\Users\chris\Work\Patterson\MyPhotos\TestResults\chris_CHRISTHINKPAD 2009-11-25 14_49_19">
      <DeploymentItem filename="C:\Users\chris\Work\Patterson\MyPhotos\bin\nhib\NHibernate.dll" />
      <DeploymentItem filename="C:\Users\chris\Work\Patterson\MyPhotos\MyPhotos.Core\bin\Debug\MyPhotos.Core.dll" />
      <DeploymentItem filename="C:\Users\chris\Work\Patterson\MyPhotos\bin\nhib\Castle.Core.dll" />
      <DeploymentItem filename="C:\Users\chris\Work\Patterson\MyPhotos\bin\nhib\NHibernate.ByteCode.Castle.dll" />
      <DeploymentItem filename="C:\Users\chris\Work\Patterson\MyPhotos\bin\nhib\NHibernate.Linq.dll" />
      <DeploymentItem filename="C:\Users\chris\Work\Patterson\MyPhotos\bin\nhib\FluentNHibernate.dll" />
      <DeploymentItem filename="C:\Users\chris\Work\Patterson\MyPhotos\bin\moq\Moq.dll" />
      <DeploymentItem filename="C:\Users\chris\Work\Patterson\MyPhotos\bin\nhib\Castle.DynamicProxy2.dll" />
    </Deployment>
    <TestTypeSpecific />
  </TestRunConfiguration>
  <ResultSummary outcome="Failed">
    <Counters total="5" executed="5" passed="4" error="0" failed="1" timeout="0" aborted="0" inconclusive="0" passedButRunAborted="0" notRunnable="0" notExecuted="0" disconnected="0" warning="0" completed="0" inProgress="0" pending="0" />
  </ResultSummary>
  <Times creation="2009-11-25T14:49:19.1109327-05:00" queuing="2009-11-25T14:49:20.5110128-05:00" start="2009-11-25T14:49:20.8560325-05:00" finish="2009-11-25T14:49:22.2201106-05:00" />
  <TestDefinitions>
    <UnitTest name="GetAll_returns_100_albums" storage="c:\users\chris\work\patterson\myphotos\myphotos.tests\bin\debug\myphotos.tests.dll" id="a0de976d-b076-c9b1-3f7d-54c9a98eee39">
      <Css projectStructure="" iteration="" />
      <Owners>
        <Owner name="" />
      </Owners>
      <Execution id="398df089-2d3f-470b-9515-e15f78b0611a" />
      <TestMethod codeBase="C:\Users\chris\Work\Patterson\MyPhotos\MyPhotos.Tests\bin\Debug\MyPhotos.Tests.dll" adapterTypeName="Microsoft.VisualStudio.TestTools.TestTypes.Unit.UnitTestAdapter, Microsoft.VisualStudio.QualityTools.Tips.UnitTest.Adapter, Version=9.0.0.0, Culture=neutral, PublicKeyToken=b03f5f7f11d50a3a" className="MyPhotos.Tests.ServiceTests.AlbumServiceTests, MyPhotos.Tests" name="GetAll_returns_100_albums" />
    </UnitTest>
    <UnitTest name="GetAll_returns_not_null" storage="c:\users\chris\work\patterson\myphotos\myphotos.tests\bin\debug\myphotos.tests.dll" id="2063b600-b187-1a45-0522-8ff517380374">
      <Css projectStructure="" iteration="" />
      <Owners>
        <Owner name="" />
      </Owners>
      <Execution id="204d4393-1025-4d42-9044-a6d181ac998c" />
      <TestMethod codeBase="C:\Users\chris\Work\Patterson\MyPhotos\MyPhotos.Tests\bin\Debug\MyPhotos.Tests.dll" adapterTypeName="Microsoft.VisualStudio.TestTools.TestTypes.Unit.UnitTestAdapter, Microsoft.VisualStudio.QualityTools.Tips.UnitTest.Adapter, Version=9.0.0.0, Culture=neutral, PublicKeyToken=b03f5f7f11d50a3a" className="MyPhotos.Tests.ServiceTests.AlbumServiceTests, MyPhotos.Tests" name="GetAll_returns_not_null" />
    </UnitTest>
    <UnitTest name="GetById_with_valid_id_returns_not_null" storage="c:\users\chris\work\patterson\myphotos\myphotos.tests\bin\debug\myphotos.tests.dll" id="55ce3137-ba05-325e-5149-a27092d6ad55">
      <Css projectStructure="" iteration="" />
      <Owners>
        <Owner name="" />
      </Owners>
      <Execution id="0a5485f1-4896-4f46-b7a5-2757b4af8522" />
      <TestMethod codeBase="C:\Users\chris\Work\Patterson\MyPhotos\MyPhotos.Tests\bin\Debug\MyPhotos.Tests.dll" adapterTypeName="Microsoft.VisualStudio.TestTools.TestTypes.Unit.UnitTestAdapter, Microsoft.VisualStudio.QualityTools.Tips.UnitTest.Adapter, Version=9.0.0.0, Culture=neutral, PublicKeyToken=b03f5f7f11d50a3a" className="MyPhotos.Tests.ServiceTests.AlbumServiceTests, MyPhotos.Tests" name="GetById_with_valid_id_returns_not_null" />
    </UnitTest>
    <UnitTest name="GetById_with_exception_thrown_by_repo_returns_null" storage="c:\users\chris\work\patterson\myphotos\myphotos.tests\bin\debug\myphotos.tests.dll" id="3cb05db2-4079-ef9b-0854-b270ff532756">
      <Css projectStructure="" iteration="" />
      <Owners>
        <Owner name="" />
      </Owners>
      <Execution id="3c733050-6365-4394-838e-b40d72d2994a" />
      <TestMethod codeBase="C:\Users\chris\Work\Patterson\MyPhotos\MyPhotos.Tests\bin\Debug\MyPhotos.Tests.dll" adapterTypeName="Microsoft.VisualStudio.TestTools.TestTypes.Unit.UnitTestAdapter, Microsoft.VisualStudio.QualityTools.Tips.UnitTest.Adapter, Version=9.0.0.0, Culture=neutral, PublicKeyToken=b03f5f7f11d50a3a" className="MyPhotos.Tests.ServiceTests.AlbumServiceTests, MyPhotos.Tests" name="GetById_with_exception_thrown_by_repo_returns_null" />
    </UnitTest>
    <UnitTest name="GetById_with_invalid_id_returns_null" storage="c:\users\chris\work\patterson\myphotos\myphotos.tests\bin\debug\myphotos.tests.dll" id="b16ddb5a-46ee-6643-9a7a-a36685e465a8">
      <Css projectStructure="" iteration="" />
      <Owners>
        <Owner name="" />
      </Owners>
      <Execution id="d829214d-0112-4e40-87da-328bf28c3862" />
      <TestMethod codeBase="C:\Users\chris\Work\Patterson\MyPhotos\MyPhotos.Tests\bin\Debug\MyPhotos.Tests.dll" adapterTypeName="Microsoft.VisualStudio.TestTools.TestTypes.Unit.UnitTestAdapter, Microsoft.VisualStudio.QualityTools.Tips.UnitTest.Adapter, Version=9.0.0.0, Culture=neutral, PublicKeyToken=b03f5f7f11d50a3a" className="MyPhotos.Tests.ServiceTests.AlbumServiceTests, MyPhotos.Tests" name="GetById_with_invalid_id_returns_null" />
    </UnitTest>
  </TestDefinitions>
  <TestLists>
    <TestList name="Results Not in a List" id="8c84fa94-04c1-424b-9868-57a2d4851a1d" />
    <TestList name="All Loaded Results" id="19431567-8539-422a-85d7-44ee4e166bda" />
  </TestLists>
  <TestEntries>
    <TestEntry testId="55ce3137-ba05-325e-5149-a27092d6ad55" executionId="0a5485f1-4896-4f46-b7a5-2757b4af8522" testListId="8c84fa94-04c1-424b-9868-57a2d4851a1d" />
    <TestEntry testId="b16ddb5a-46ee-6643-9a7a-a36685e465a8" executionId="d829214d-0112-4e40-87da-328bf28c3862" testListId="8c84fa94-04c1-424b-9868-57a2d4851a1d" />
    <TestEntry testId="3cb05db2-4079-ef9b-0854-b270ff532756" executionId="3c733050-6365-4394-838e-b40d72d2994a" testListId="8c84fa94-04c1-424b-9868-57a2d4851a1d" />
    <TestEntry testId="2063b600-b187-1a45-0522-8ff517380374" executionId="204d4393-1025-4d42-9044-a6d181ac998c" testListId="8c84fa94-04c1-424b-9868-57a2d4851a1d" />
    <TestEntry testId="a0de976d-b076-c9b1-3f7d-54c9a98eee39" executionId="398df089-2d3f-470b-9515-e15f78b0611a" testListId="8c84fa94-04c1-424b-9868-57a2d4851a1d" />
  </TestEntries>
  <Results>
    <UnitTestResult executionId="0a5485f1-4896-4f46-b7a5-2757b4af8522" testId="55ce3137-ba05-325e-5149-a27092d6ad55" testName="GetById_with_valid_id_returns_not_null" computerName="CHRISTHINKPAD" duration="00:00:00.3261305" startTime="2009-11-25T14:49:20.9080355-05:00" endTime="2009-11-25T14:49:21.9790968-05:00" testType="13cdc9d9-ddb5-4fa4-a97d-d965ccfc6d4b" outcome="Passed" testListId="8c84fa94-04c1-424b-9868-57a2d4851a1d">
      <Output>
      </Output>
    </UnitTestResult>
    <UnitTestResult executionId="d829214d-0112-4e40-87da-328bf28c3862" testId="b16ddb5a-46ee-6643-9a7a-a36685e465a8" testName="GetById_with_invalid_id_returns_null" computerName="CHRISTHINKPAD" duration="00:00:00.0106953" startTime="2009-11-25T14:49:21.9830970-05:00" endTime="2009-11-25T14:49:22.0040982-05:00" testType="13cdc9d9-ddb5-4fa4-a97d-d965ccfc6d4b" outcome="Passed" testListId="8c84fa94-04c1-424b-9868-57a2d4851a1d">
      <Output>
      </Output>
    </UnitTestResult>
    <UnitTestResult executionId="3c733050-6365-4394-838e-b40d72d2994a" testId="3cb05db2-4079-ef9b-0854-b270ff532756" testName="GetById_with_exception_thrown_by_repo_returns_null" computerName="CHRISTHINKPAD" duration="00:00:00.0039536" startTime="2009-11-25T14:49:22.0080984-05:00" endTime="2009-11-25T14:49:22.0180990-05:00" testType="13cdc9d9-ddb5-4fa4-a97d-d965ccfc6d4b" outcome="Passed" testListId="8c84fa94-04c1-424b-9868-57a2d4851a1d">
      <Output>
        <DebugTrace>Repo exception
</DebugTrace>
      </Output>
    </UnitTestResult>
    <UnitTestResult executionId="204d4393-1025-4d42-9044-a6d181ac998c" testId="2063b600-b187-1a45-0522-8ff517380374" testName="GetAll_returns_not_null" computerName="CHRISTHINKPAD" duration="00:00:00.0763068" startTime="2009-11-25T14:49:22.0190991-05:00" endTime="2009-11-25T14:49:22.1021038-05:00" testType="13cdc9d9-ddb5-4fa4-a97d-d965ccfc6d4b" outcome="Failed" testListId="8c84fa94-04c1-424b-9868-57a2d4851a1d">
      <Output>
        <ErrorInfo>
          <Message>Assert.IsNull failed. </Message>
          <StackTrace>   at MyPhotos.Tests.ServiceTests.AlbumServiceTests.GetAll_returns_not_null() in C:\Users\chris\Work\Patterson\MyPhotos\MyPhotos.Tests\ServiceTests\AlbumServiceTests.cs:line 82
</StackTrace>
        </ErrorInfo>
      </Output>
    </UnitTestResult>
    <UnitTestResult executionId="398df089-2d3f-470b-9515-e15f78b0611a" testId="a0de976d-b076-c9b1-3f7d-54c9a98eee39" testName="GetAll_returns_100_albums" computerName="CHRISTHINKPAD" duration="00:00:00.0165824" startTime="2009-11-25T14:49:22.1031039-05:00" endTime="2009-11-25T14:49:22.1241051-05:00" testType="13cdc9d9-ddb5-4fa4-a97d-d965ccfc6d4b" outcome="Passed" testListId="8c84fa94-04c1-424b-9868-57a2d4851a1d">
      <Output>
      </Output>
    </UnitTestResult>
  </Results>
</TestRun>